Archive member included to satisfy reference by file (symbol)

e:/embedded/iti advanced/imt_sdk_win_64/winarm/armgcc/bin/../lib/gcc/arm-none-eabi/7.2.1/../../../../arm-none-eabi/lib/thumb/v7e-m\libg_nano.a(lib_a-errno.o)
                              ./system/src/newlib/_sbrk.o (__errno)
e:/embedded/iti advanced/imt_sdk_win_64/winarm/armgcc/bin/../lib/gcc/arm-none-eabi/7.2.1/../../../../arm-none-eabi/lib/thumb/v7e-m\libg_nano.a(lib_a-impure.o)
                              e:/embedded/iti advanced/imt_sdk_win_64/winarm/armgcc/bin/../lib/gcc/arm-none-eabi/7.2.1/../../../../arm-none-eabi/lib/thumb/v7e-m\libg_nano.a(lib_a-errno.o) (_impure_ptr)
e:/embedded/iti advanced/imt_sdk_win_64/winarm/armgcc/bin/../lib/gcc/arm-none-eabi/7.2.1/../../../../arm-none-eabi/lib/thumb/v7e-m\libg_nano.a(lib_a-strlen.o)
                              ./system/src/diag/Trace.o (strlen)
e:/embedded/iti advanced/imt_sdk_win_64/winarm/armgcc/bin/../lib/gcc/arm-none-eabi/7.2.1/../../../../arm-none-eabi/lib/thumb/v7e-m\libg_nano.a(lib_a-vsnprintf.o)
                              ./system/src/diag/Trace.o (vsnprintf)
e:/embedded/iti advanced/imt_sdk_win_64/winarm/armgcc/bin/../lib/gcc/arm-none-eabi/7.2.1/../../../../arm-none-eabi/lib/thumb/v7e-m\libg_nano.a(lib_a-nano-svfprintf.o)
                              e:/embedded/iti advanced/imt_sdk_win_64/winarm/armgcc/bin/../lib/gcc/arm-none-eabi/7.2.1/../../../../arm-none-eabi/lib/thumb/v7e-m\libg_nano.a(lib_a-vsnprintf.o) (_svfprintf_r)
e:/embedded/iti advanced/imt_sdk_win_64/winarm/armgcc/bin/../lib/gcc/arm-none-eabi/7.2.1/../../../../arm-none-eabi/lib/thumb/v7e-m\libg_nano.a(lib_a-nano-vfprintf_i.o)
                              e:/embedded/iti advanced/imt_sdk_win_64/winarm/armgcc/bin/../lib/gcc/arm-none-eabi/7.2.1/../../../../arm-none-eabi/lib/thumb/v7e-m\libg_nano.a(lib_a-nano-svfprintf.o) (_printf_i)
e:/embedded/iti advanced/imt_sdk_win_64/winarm/armgcc/bin/../lib/gcc/arm-none-eabi/7.2.1/../../../../arm-none-eabi/lib/thumb/v7e-m\libg_nano.a(lib_a-memchr.o)
                              e:/embedded/iti advanced/imt_sdk_win_64/winarm/armgcc/bin/../lib/gcc/arm-none-eabi/7.2.1/../../../../arm-none-eabi/lib/thumb/v7e-m\libg_nano.a(lib_a-nano-svfprintf.o) (memchr)
e:/embedded/iti advanced/imt_sdk_win_64/winarm/armgcc/bin/../lib/gcc/arm-none-eabi/7.2.1/../../../../arm-none-eabi/lib/thumb/v7e-m\libg_nano.a(lib_a-memcpy-stub.o)
                              e:/embedded/iti advanced/imt_sdk_win_64/winarm/armgcc/bin/../lib/gcc/arm-none-eabi/7.2.1/../../../../arm-none-eabi/lib/thumb/v7e-m\libg_nano.a(lib_a-nano-svfprintf.o) (memcpy)
e:/embedded/iti advanced/imt_sdk_win_64/winarm/armgcc/bin/../lib/gcc/arm-none-eabi/7.2.1/../../../../arm-none-eabi/lib/thumb/v7e-m\libg_nano.a(lib_a-memmove.o)
                              e:/embedded/iti advanced/imt_sdk_win_64/winarm/armgcc/bin/../lib/gcc/arm-none-eabi/7.2.1/../../../../arm-none-eabi/lib/thumb/v7e-m\libg_nano.a(lib_a-nano-svfprintf.o) (memmove)
e:/embedded/iti advanced/imt_sdk_win_64/winarm/armgcc/bin/../lib/gcc/arm-none-eabi/7.2.1/../../../../arm-none-eabi/lib/thumb/v7e-m\libg_nano.a(lib_a-nano-freer.o)
                              e:/embedded/iti advanced/imt_sdk_win_64/winarm/armgcc/bin/../lib/gcc/arm-none-eabi/7.2.1/../../../../arm-none-eabi/lib/thumb/v7e-m\libg_nano.a(lib_a-nano-svfprintf.o) (_free_r)
e:/embedded/iti advanced/imt_sdk_win_64/winarm/armgcc/bin/../lib/gcc/arm-none-eabi/7.2.1/../../../../arm-none-eabi/lib/thumb/v7e-m\libg_nano.a(lib_a-nano-mallocr.o)
                              e:/embedded/iti advanced/imt_sdk_win_64/winarm/armgcc/bin/../lib/gcc/arm-none-eabi/7.2.1/../../../../arm-none-eabi/lib/thumb/v7e-m\libg_nano.a(lib_a-nano-svfprintf.o) (_malloc_r)
e:/embedded/iti advanced/imt_sdk_win_64/winarm/armgcc/bin/../lib/gcc/arm-none-eabi/7.2.1/../../../../arm-none-eabi/lib/thumb/v7e-m\libg_nano.a(lib_a-nano-reallocr.o)
                              e:/embedded/iti advanced/imt_sdk_win_64/winarm/armgcc/bin/../lib/gcc/arm-none-eabi/7.2.1/../../../../arm-none-eabi/lib/thumb/v7e-m\libg_nano.a(lib_a-nano-svfprintf.o) (_realloc_r)
e:/embedded/iti advanced/imt_sdk_win_64/winarm/armgcc/bin/../lib/gcc/arm-none-eabi/7.2.1/../../../../arm-none-eabi/lib/thumb/v7e-m\libg_nano.a(lib_a-sbrkr.o)
                              e:/embedded/iti advanced/imt_sdk_win_64/winarm/armgcc/bin/../lib/gcc/arm-none-eabi/7.2.1/../../../../arm-none-eabi/lib/thumb/v7e-m\libg_nano.a(lib_a-nano-mallocr.o) (_sbrk_r)
e:/embedded/iti advanced/imt_sdk_win_64/winarm/armgcc/bin/../lib/gcc/arm-none-eabi/7.2.1/../../../../arm-none-eabi/lib/thumb/v7e-m\libg_nano.a(lib_a-mlock.o)
                              e:/embedded/iti advanced/imt_sdk_win_64/winarm/armgcc/bin/../lib/gcc/arm-none-eabi/7.2.1/../../../../arm-none-eabi/lib/thumb/v7e-m\libg_nano.a(lib_a-nano-freer.o) (__malloc_lock)
e:/embedded/iti advanced/imt_sdk_win_64/winarm/armgcc/bin/../lib/gcc/arm-none-eabi/7.2.1/../../../../arm-none-eabi/lib/thumb/v7e-m\libg_nano.a(lib_a-nano-msizer.o)
[...]
Memory Configuration

Name             Origin             Length             Attributes
RAM              0x20000000         0x00010000         xrw
CCMRAM           0x10000000         0x00000000         xrw
FLASH            0x08000000         0x00040000         xr
FLASHB1          0x00000000         0x00000000         xr
EXTMEMB0         0x00000000         0x00000000         xr
EXTMEMB1         0x00000000         0x00000000         xr
EXTMEMB2         0x00000000         0x00000000         xr
EXTMEMB3         0x00000000         0x00000000         xr
*default*        0x00000000         0xffffffff

Linker script and memory map

LOAD ./system/src/stm32f4-hal/stm32f4xx_hal.o
LOAD ./system/src/stm32f4-hal/stm32f4xx_hal_cortex.o
LOAD ./system/src/stm32f4-hal/stm32f4xx_hal_dfsdm.o
LOAD ./system/src/stm32f4-hal/stm32f4xx_hal_flash.o
LOAD ./system/src/stm32f4-hal/stm32f4xx_hal_gpio.o
LOAD ./system/src/stm32f4-hal/stm32f4xx_hal_iwdg.o
LOAD ./system/src/stm32f4-hal/stm32f4xx_hal_pwr.o
LOAD ./system/src/stm32f4-hal/stm32f4xx_hal_rcc.o
LOAD ./system/src/newlib/_cxx.o
LOAD ./system/src/newlib/_exit.o
LOAD ./system/src/newlib/_sbrk.o
LOAD ./system/src/newlib/_startup.o
LOAD ./system/src/newlib/_syscalls.o
LOAD ./system/src/newlib/assert.o
LOAD ./system/src/diag/Trace.o
LOAD ./system/src/diag/trace_impl.o
LOAD ./system/src/cortexm/_initialize_hardware.o
LOAD ./system/src/cortexm/_reset_hardware.o
LOAD ./system/src/cortexm/exception_handlers.o
LOAD ./system/src/cmsis/system_stm32f4xx.o
LOAD ./system/src/cmsis/vectors_stm32f401xc.o
LOAD ./src/MCAL/UART/UART_Prog.o
LOAD ./src/MCAL/NVIC/NVIC_Prog.o
LOAD ./src/MCAL/MSTK/MSTK_Prog.o
LOAD ./src/MCAL/MRCC/MRCC_prog.o
LOAD ./src/MCAL/MGPIO/MGPIO_program.o
LOAD ./src/MCAL/EXTERNAL_INTERRUPT/EXTERNAL_INTERRUPT_Prog.o
LOAD ./src/HAL/MOTOR/MOTOR.o
LOAD ./src/HAL/LED/LED_Prog.o
LOAD ./src/HAL/IR/IR_Prog.o
LOAD ./src/_initialize_hardware.o
LOAD ./src/_write.o
LOAD ./src/main.o
LOAD ./src/stm32f4xx_hal_msp.o
LOAD e:/embedded/iti advanced/imt_sdk_win_64/winarm/armgcc/bin/../lib/gcc/arm-none-eabi/7.2.1/../../../../arm-none-eabi/lib/thumb/v7e-m\libstdc++_nano.a
LOAD e:/embedded/iti advanced/imt_sdk_win_64/winarm/armgcc/bin/../lib/gcc/arm-none-eabi/7.2.1/../../../../arm-none-eabi/lib/thumb/v7e-m\libm.a
START GROUP
LOAD e:/embedded/iti advanced/imt_sdk_win_64/winarm/armgcc/bin/../lib/gcc/arm-none-eabi/7.2.1/thumb/v7e-m\libgcc.a
LOAD e:/embedded/iti advanced/imt_sdk_win_64/winarm/armgcc/bin/../lib/gcc/arm-none-eabi/7.2.1/../../../../arm-none-eabi/lib/thumb/v7e-m\libg_nano.a
LOAD e:/embedded/iti advanced/imt_sdk_win_64/winarm/armgcc/bin/../lib/gcc/arm-none-eabi/7.2.1/../../../../arm-none-eabi/lib/thumb/v7e-m\libc_nano.a
END GROUP
START GROUP
LOAD e:/embedded/iti advanced/imt_sdk_win_64/winarm/armgcc/bin/../lib/gcc/arm-none-eabi/7.2.1/thumb/v7e-m\libgcc.a
LOAD e:/embedded/iti advanced/imt_sdk_win_64/winarm/armgcc/bin/../lib/gcc/arm-none-eabi/7.2.1/../../../../arm-none-eabi/lib/thumb/v7e-m\libc_nano.a
END GROUP
                0x20010000                __stack = (ORIGIN (RAM) + LENGTH (RAM))
                0x20010000                _estack = __stack
                0x00000400                __Main_Stack_Size = 0x400
                [!provide]                PROVIDE (_Main_Stack_Size, __Main_Stack_Size)
                0x2000fc00                __Main_Stack_Limit = (__stack - __Main_Stack_Size)
                [!provide]                PROVIDE (_Main_Stack_Limit, __Main_Stack_Limit)
                0x00000100                _Minimum_Stack_Size = 0x100
                0x20000128                PROVIDE (_Heap_Begin, _end_noinit)
                0x2000fc00                PROVIDE (_Heap_Limit, (__stack - __Main_Stack_Size))

.isr_vector     0x08000000      0x3f4
 FILL mask 0xff
                0x08000000                __vectors_start = ABSOLUTE (.)
                0x08000000                __vectors_start__ = ABSOLUTE (.)
 *(.isr_vector)
 .isr_vector    0x08000000      0x194 ./system/src/cmsis/vectors_stm32f401xc.o
                0x08000000                __isr_vectors
 *(.cfmconfig)
 *(.after_vectors .after_vectors.*)
 .after_vectors
                0x08000194      0x130 ./system/src/newlib/_startup.o
                0x08000194                _start
 .after_vectors
                0x080002c4      0x12c ./system/src/cortexm/exception_handlers.o
                0x080002c4                Reset_Handler
                0x080002ca                NMI_Handler
                0x080002ce                HardFault_Handler
                0x080002e2                HardFault_Handler_C
                0x08000340                MemManage_Handler
                0x08000344                BusFault_Handler
                0x08000358                BusFault_Handler_C
                0x0800038c                UsageFault_Handler
                0x080003a0                UsageFault_Handler_C
                0x080003d4                SVC_Handler
                0x080003d8                DebugMon_Handler
                0x080003dc                PendSV_Handler
                0x080003e0                SysTick_Handler
 .after_vectors
                0x080003f0        0x4 ./system/src/cmsis/vectors_stm32f401xc.o
                0x080003f0                RTC_Alarm_IRQHandler
                0x080003f0                SPI4_IRQHandler
                0x080003f0                TIM1_CC_IRQHandler
                0x080003f0                DMA2_Stream5_IRQHandler
                0x080003f0                DMA1_Stream5_IRQHandler
                0x080003f0                PVD_IRQHandler
                0x080003f0                SDIO_IRQHandler
                0x080003f0                TAMP_STAMP_IRQHandler
                0x080003f0                EXTI3_IRQHandler
                0x080003f0                TIM1_UP_TIM10_IRQHandler
                0x080003f0                I2C3_ER_IRQHandler
                0x080003f0                I2C2_EV_IRQHandler
                0x080003f0                DMA1_Stream2_IRQHandler
                0x080003f0                FPU_IRQHandler
                0x080003f0                DMA2_Stream2_IRQHandler
                0x080003f0                SPI1_IRQHandler
                0x080003f0                TIM1_BRK_TIM9_IRQHandler
                0x080003f0                DMA2_Stream3_IRQHandler
                0x080003f0                USART6_IRQHandler
                0x080003f0                DMA2_Stream0_IRQHandler
                0x080003f0                TIM4_IRQHandler
                0x080003f0                I2C1_EV_IRQHandler
                0x080003f0                DMA1_Stream6_IRQHandler
                0x080003f0                DMA1_Stream1_IRQHandler
                0x080003f0                TIM3_IRQHandler
                0x080003f0                RCC_IRQHandler
                0x080003f0                Default_Handler
                0x080003f0                EXTI15_10_IRQHandler
                0x080003f0                ADC_IRQHandler
                0x080003f0                DMA1_Stream7_IRQHandler
                0x080003f0                TIM5_IRQHandler
                0x080003f0                DMA2_Stream7_IRQHandler
                0x080003f0                I2C3_EV_IRQHandler
                0x080003f0                EXTI9_5_IRQHandler
                0x080003f0                RTC_WKUP_IRQHandler
                0x080003f0                SPI2_IRQHandler
                0x080003f0                DMA1_Stream0_IRQHandler
                0x080003f0                EXTI4_IRQHandler
                0x080003f0                WWDG_IRQHandler
                0x080003f0                TIM2_IRQHandler
                0x080003f0                OTG_FS_WKUP_IRQHandler
                0x080003f0                TIM1_TRG_COM_TIM11_IRQHandler
                0x080003f0                USART2_IRQHandler
                0x080003f0                I2C2_ER_IRQHandler
                0x080003f0                DMA2_Stream1_IRQHandler
                0x080003f0                FLASH_IRQHandler
                0x080003f0                DMA2_Stream4_IRQHandler
                0x080003f0                USART1_IRQHandler
                0x080003f0                OTG_FS_IRQHandler
                0x080003f0                SPI3_IRQHandler
                0x080003f0                DMA1_Stream4_IRQHandler
                0x080003f0                I2C1_ER_IRQHandler
                0x080003f0                DMA2_Stream6_IRQHandler
                0x080003f0                DMA1_Stream3_IRQHandler

.inits          0x080003f4       0x28
                0x080003f4                __data_regions_array_start = .
                0x080003f4        0x4 LONG 0x80024e8 LOADADDR (.data)
                0x080003f8        0x4 LONG 0x20000000 ADDR (.data)
                0x080003fc        0x4 LONG 0x20000078 (ADDR (.data) + SIZEOF (.data))
                0x08000400        0x4 LONG 0x80024e8 LOADADDR (.data_CCMRAM)
                0x08000404        0x4 LONG 0x10000000 ADDR (.data_CCMRAM)
                0x08000408        0x4 LONG 0x10000000 (ADDR (.data_CCMRAM) + SIZEOF (.data_CCMRAM))
                0x0800040c                __data_regions_array_end = .
                0x0800040c                __bss_regions_array_start = .
                0x0800040c        0x4 LONG 0x20000078 ADDR (.bss)
                0x08000410        0x4 LONG 0x20000128 (ADDR (.bss) + SIZEOF (.bss))
                0x08000414        0x4 LONG 0x10000000 ADDR (.bss_CCMRAM)
                0x08000418        0x4 LONG 0x10000000 (ADDR (.bss_CCMRAM) + SIZEOF (.bss_CCMRAM))
                0x0800041c                __bss_regions_array_end = .
 *(.init)
 *(.fini)
                0x0800041c                . = ALIGN (0x4)
                0x0800041c                PROVIDE (__preinit_array_start, .)
 *(.preinit_array_sysinit .preinit_array_sysinit.*)
 *(.preinit_array_platform .preinit_array_platform.*)
 *(.preinit_array .preinit_array.*)
                0x0800041c                PROVIDE (__preinit_array_end, .)
                0x0800041c                . = ALIGN (0x4)
                0x0800041c                PROVIDE (__init_array_start, .)
 *(SORT_BY_NAME(.init_array.*))
 *(.init_array)
                0x0800041c                PROVIDE (__init_array_end, .)
                0x0800041c                . = ALIGN (0x4)
                0x0800041c                PROVIDE (__fini_array_start, .)
 *(SORT_BY_NAME(.fini_array.*))
 *(.fini_array)
                0x0800041c                PROVIDE (__fini_array_end, .)

.flashtext
 *(.flashtext .flashtext.*)

.text           0x08000420     0x20c7
 *(.text .text.*)
 .text.HAL_InitTick
                0x08000420       0x2c ./system/src/stm32f4-hal/stm32f4xx_hal.o
                0x08000420                HAL_InitTick
 .text.HAL_Init
                0x0800044c       0x34 ./system/src/stm32f4-hal/stm32f4xx_hal.o
                0x0800044c                HAL_Init
 .text.HAL_GetTick
                0x08000480        0xc ./system/src/stm32f4-hal/stm32f4xx_hal.o
                0x08000480                HAL_GetTick
 .text.HAL_NVIC_SetPriorityGrouping
                0x0800048c       0x3c ./system/src/stm32f4-hal/stm32f4xx_hal_cortex.o
                0x0800048c                HAL_NVIC_SetPriorityGrouping
 .text.HAL_NVIC_SetPriority
                0x080004c8       0x8c ./system/src/stm32f4-hal/stm32f4xx_hal_cortex.o
                0x080004c8                HAL_NVIC_SetPriority
 .text.HAL_SYSTICK_Config
                0x08000554       0x2c ./system/src/stm32f4-hal/stm32f4xx_hal_cortex.o
                0x08000554                HAL_SYSTICK_Config
 .text.HAL_SYSTICK_CLKSourceConfig
                0x08000580       0x3c ./system/src/stm32f4-hal/stm32f4xx_hal_cortex.o
                0x08000580                HAL_SYSTICK_CLKSourceConfig
 .text.HAL_RCC_OscConfig
                0x080005bc      0x43c ./system/src/stm32f4-hal/stm32f4xx_hal_rcc.o
                0x080005bc                HAL_RCC_OscConfig
 .text.HAL_RCC_GetSysClockFreq
                0x080009f8       0x94 ./system/src/stm32f4-hal/stm32f4xx_hal_rcc.o
                0x080009f8                HAL_RCC_GetSysClockFreq
 .text.HAL_RCC_ClockConfig
                0x08000a8c      0x258 ./system/src/stm32f4-hal/stm32f4xx_hal_rcc.o
                0x08000a8c                HAL_RCC_ClockConfig
 .text.HAL_RCC_GetHCLKFreq
                0x08000ce4        0xc ./system/src/stm32f4-hal/stm32f4xx_hal_rcc.o
                0x08000ce4                HAL_RCC_GetHCLKFreq
 .text._exit    0x08000cf0        0x2 ./system/src/newlib/_exit.o
                0x08000cf0                _exit
 *fill*         0x08000cf2        0x2 
 .text.abort    0x08000cf4       0x14 ./system/src/newlib/_exit.o
                0x08000cf4                abort
 .text._sbrk    0x08000d08       0x44 ./system/src/newlib/_sbrk.o
                0x08000d08                _sbrk
 .text.__initialize_args
                0x08000d4c       0x10 ./system/src/newlib/_syscalls.o
                0x08000d4c                __initialize_args
 .text.assert_failed
                0x08000d5c       0x14 ./system/src/newlib/assert.o
                0x08000d5c                assert_failed
 .text.trace_printf
                0x08000d70       0x30 ./system/src/diag/Trace.o
                0x08000d70                trace_printf
 .text.trace_puts
                0x08000da0       0x20 ./system/src/diag/Trace.o
                0x08000da0                trace_puts
 .text._trace_write_semihosting_debug
                0x08000dc0       0x60 ./system/src/diag/trace_impl.o
 .text.trace_write
                0x08000e20        0x8 ./system/src/diag/trace_impl.o
                0x08000e20                trace_write
 .text.__initialize_hardware_early
                0x08000e28       0x18 ./system/src/cortexm/_initialize_hardware.o
                0x08000e28                __initialize_hardware_early
 .text.dumpExceptionStack
                0x08000e40       0xf4 ./system/src/cortexm/exception_handlers.o
                0x08000e40                dumpExceptionStack
 .text.isSemihosting
                0x08000f34       0x20 ./system/src/cortexm/exception_handlers.o
                0x08000f34                isSemihosting
 .text.SystemInit
                0x08000f54       0x40 ./system/src/cmsis/system_stm32f4xx.o
                0x08000f54                SystemInit
 .text.SystemCoreClockUpdate
                0x08000f94       0xa0 ./system/src/cmsis/system_stm32f4xx.o
                0x08000f94                SystemCoreClockUpdate
 .text.uart_init
                0x08001034       0x50 ./src/MCAL/UART/UART_Prog.o
                0x08001034                uart_init
 .text.uart_enable
                0x08001084       0x14 ./src/MCAL/UART/UART_Prog.o
                0x08001084                uart_enable
 .text.uart_send_data
                0x08001098       0x30 ./src/MCAL/UART/UART_Prog.o
                0x08001098                uart_send_data
 .text.nvic_v_interrupt_enable
                0x080010c8       0x24 ./src/MCAL/NVIC/NVIC_Prog.o
                0x080010c8                nvic_v_interrupt_enable
 .text.nvic_v_interrupt_group_mode
                0x080010ec       0x24 ./src/MCAL/NVIC/NVIC_Prog.o
                0x080010ec                nvic_v_interrupt_group_mode
 .text.nvic_v_interuupt_priority
                0x08001110       0x80 ./src/MCAL/NVIC/NVIC_Prog.o
                0x08001110                nvic_v_interuupt_priority
 .text.MRCC_voidEnablePeripheralClock
                0x08001190       0x5c ./src/MCAL/MRCC/MRCC_prog.o
                0x08001190                MRCC_voidEnablePeripheralClock
 .text.MRCC_voidInitSystemClk
                0x080011ec       0x20 ./src/MCAL/MRCC/MRCC_prog.o
                0x080011ec                MRCC_voidInitSystemClk
 .text.MGPIO_voidSetPinMode
                0x0800120c       0x7c ./src/MCAL/MGPIO/MGPIO_program.o
                0x0800120c                MGPIO_voidSetPinMode
 .text.MGPIO_u8ReadData
                0x08001288       0x74 ./src/MCAL/MGPIO/MGPIO_program.o
                0x08001288                MGPIO_u8ReadData
 .text.MGPIO_voidWriteData
                0x080012fc      0x104 ./src/MCAL/MGPIO/MGPIO_program.o
                0x080012fc                MGPIO_voidWriteData
 .text.MGPIO_voidSetPinAltFn
                0x08001400      0x118 ./src/MCAL/MGPIO/MGPIO_program.o
                0x08001400                MGPIO_voidSetPinAltFn
 .text.external_v_interrupt_enable
                0x08001518       0x14 ./src/MCAL/EXTERNAL_INTERRUPT/EXTERNAL_INTERRUPT_Prog.o
                0x08001518                external_v_interrupt_enable
 .text.external_v_interrupt_set_type
                0x0800152c       0x58 ./src/MCAL/EXTERNAL_INTERRUPT/EXTERNAL_INTERRUPT_Prog.o
                0x0800152c                external_v_interrupt_set_type
 .text.external_v_interrupt_callback
                0x08001584       0x2c ./src/MCAL/EXTERNAL_INTERRUPT/EXTERNAL_INTERRUPT_Prog.o
                0x08001584                external_v_interrupt_callback
 .text.external_v_interrupt_set_port
                0x080015b0       0x48 ./src/MCAL/EXTERNAL_INTERRUPT/EXTERNAL_INTERRUPT_Prog.o
                0x080015b0                external_v_interrupt_set_port
 .text.EXTI0_IRQHandler
                0x080015f8       0x1c ./src/MCAL/EXTERNAL_INTERRUPT/EXTERNAL_INTERRUPT_Prog.o
                0x080015f8                EXTI0_IRQHandler
 .text.EXTI1_IRQHandler
                0x08001614       0x1c ./src/MCAL/EXTERNAL_INTERRUPT/EXTERNAL_INTERRUPT_Prog.o
                0x08001614                EXTI1_IRQHandler
 .text.EXTI2_IRQHandler
                0x08001630       0x1c ./src/MCAL/EXTERNAL_INTERRUPT/EXTERNAL_INTERRUPT_Prog.o
                0x08001630                EXTI2_IRQHandler
 .text.motor_int
                0x0800164c        0xa ./src/HAL/MOTOR/MOTOR.o
                0x0800164c                motor_int
 .text.motor_state
                0x08001656        0x8 ./src/HAL/MOTOR/MOTOR.o
                0x08001656                motor_state
 .text.led_init
                0x0800165e        0xa ./src/HAL/LED/LED_Prog.o
                0x0800165e                led_init
 .text.led_state
                0x08001668        0x8 ./src/HAL/LED/LED_Prog.o
                0x08001668                led_state
 .text.ir_init  0x08001670        0xa ./src/HAL/IR/IR_Prog.o
                0x08001670                ir_init
 .text.ir_read  0x0800167a        0x8 ./src/HAL/IR/IR_Prog.o
                0x0800167a                ir_read
 *fill*         0x08001682        0x2 
 .text.SystemClock_Config
                0x08001684       0x98 ./src/_initialize_hardware.o
                0x08001684                SystemClock_Config
 .text.__initialize_hardware
                0x0800171c       0x10 ./src/_initialize_hardware.o
                0x0800171c                __initialize_hardware
 .text.ir1_interrupt
                0x0800172c       0x14 ./src/main.o
                0x0800172c                ir1_interrupt
 .text.ir2_interrupt
                0x08001740       0x14 ./src/main.o
                0x08001740                ir2_interrupt
 .text.ir3_interrupt
                0x08001754       0x94 ./src/main.o
                0x08001754                ir3_interrupt
 .text.available_slots
                0x080017e8       0x18 ./src/main.o
                0x080017e8                available_slots
 .text.unavailable_slots
                0x08001800       0x18 ./src/main.o
                0x08001800                unavailable_slots
 .text.main     0x08001818      0x190 ./src/main.o
                0x08001818                main
 .text.HAL_MspInit
                0x080019a8        0x2 ./src/stm32f4xx_hal_msp.o
                0x080019a8                HAL_MspInit
 *fill*         0x080019aa        0x2 
 .text.__errno  0x080019ac        0xc e:/embedded/iti advanced/imt_sdk_win_64/winarm/armgcc/bin/../lib/gcc/arm-none-eabi/7.2.1/../../../../arm-none-eabi/lib/thumb/v7e-m\libg_nano.a(lib_a-errno.o)
                0x080019ac                __errno
 .text          0x080019b8       0x10 e:/embedded/iti advanced/imt_sdk_win_64/winarm/armgcc/bin/../lib/gcc/arm-none-eabi/7.2.1/../../../../arm-none-eabi/lib/thumb/v7e-m\libg_nano.a(lib_a-strlen.o)
                0x080019b8                strlen
 .text._vsnprintf_r
                0x080019c8       0x58 e:/embedded/iti advanced/imt_sdk_win_64/winarm/armgcc/bin/../lib/gcc/arm-none-eabi/7.2.1/../../../../arm-none-eabi/lib/thumb/v7e-m\libg_nano.a(lib_a-vsnprintf.o)
                0x080019c8                _vsniprintf_r
                0x080019c8                _vsnprintf_r
 .text.vsnprintf
                0x08001a20       0x1c e:/embedded/iti advanced/imt_sdk_win_64/winarm/armgcc/bin/../lib/gcc/arm-none-eabi/7.2.1/../../../../arm-none-eabi/lib/thumb/v7e-m\libg_nano.a(lib_a-vsnprintf.o)
                0x08001a20                vsniprintf
                0x08001a20                vsnprintf
 .text.__ssputs_r
                0x08001a3c       0xb4 e:/embedded/iti advanced/imt_sdk_win_64/winarm/armgcc/bin/../lib/gcc/arm-none-eabi/7.2.1/../../../../arm-none-eabi/lib/thumb/v7e-m\libg_nano.a(lib_a-nano-svfprintf.o)
                0x08001a3c                __ssputs_r
 .text._svfprintf_r
                0x08001af0      0x1ec e:/embedded/iti advanced/imt_sdk_win_64/winarm/armgcc/bin/../lib/gcc/arm-none-eabi/7.2.1/../../../../arm-none-eabi/lib/thumb/v7e-m\libg_nano.a(lib_a-nano-svfprintf.o)
                0x08001af0                _svfiprintf_r
                0x08001af0                _svfprintf_r
 .text._printf_common
                0x08001cdc       0xea e:/embedded/iti advanced/imt_sdk_win_64/winarm/armgcc/bin/../lib/gcc/arm-none-eabi/7.2.1/../../../../arm-none-eabi/lib/thumb/v7e-m\libg_nano.a(lib_a-nano-vfprintf_i.o)
                0x08001cdc                _printf_common
 *fill*         0x08001dc6        0x2 
 .text._printf_i
                0x08001dc8      0x224 e:/embedded/iti advanced/imt_sdk_win_64/winarm/armgcc/bin/../lib/gcc/arm-none-eabi/7.2.1/../../../../arm-none-eabi/lib/thumb/v7e-m\libg_nano.a(lib_a-nano-vfprintf_i.o)
                0x08001dc8                _printf_i
 *fill*         0x08001fec        0x4 
 .text          0x08001ff0       0xa0 e:/embedded/iti advanced/imt_sdk_win_64/winarm/armgcc/bin/../lib/gcc/arm-none-eabi/7.2.1/../../../../arm-none-eabi/lib/thumb/v7e-m\libg_nano.a(lib_a-memchr.o)
                0x08001ff0                memchr
 .text.memcpy   0x08002090       0x16 e:/embedded/iti advanced/imt_sdk_win_64/winarm/armgcc/bin/../lib/gcc/arm-none-eabi/7.2.1/../../../../arm-none-eabi/lib/thumb/v7e-m\libg_nano.a(lib_a-memcpy-stub.o)
                0x08002090                memcpy
 .text.memmove  0x080020a6       0x32 e:/embedded/iti advanced/imt_sdk_win_64/winarm/armgcc/bin/../lib/gcc/arm-none-eabi/7.2.1/../../../../arm-none-eabi/lib/thumb/v7e-m\libg_nano.a(lib_a-memmove.o)
                0x080020a6                memmove
 .text._free_r  0x080020d8       0x9c e:/embedded/iti advanced/imt_sdk_win_64/winarm/armgcc/bin/../lib/gcc/arm-none-eabi/7.2.1/../../../../arm-none-eabi/lib/thumb/v7e-m\libg_nano.a(lib_a-nano-freer.o)
                0x080020d8                _free_r
 .text._malloc_r
                0x08002174       0xb4 e:/embedded/iti advanced/imt_sdk_win_64/winarm/armgcc/bin/../lib/gcc/arm-none-eabi/7.2.1/../../../../arm-none-eabi/lib/thumb/v7e-m\libg_nano.a(lib_a-nano-mallocr.o)
                0x08002174                _malloc_r
 .text._realloc_r
                0x08002228       0x4c e:/embedded/iti advanced/imt_sdk_win_64/winarm/armgcc/bin/../lib/gcc/arm-none-eabi/7.2.1/../../../../arm-none-eabi/lib/thumb/v7e-m\libg_nano.a(lib_a-nano-reallocr.o)
                0x08002228                _realloc_r
 .text._sbrk_r  0x08002274       0x20 e:/embedded/iti advanced/imt_sdk_win_64/winarm/armgcc/bin/../lib/gcc/arm-none-eabi/7.2.1/../../../../arm-none-eabi/lib/thumb/v7e-m\libg_nano.a(lib_a-sbrkr.o)
                0x08002274                _sbrk_r
 .text.__malloc_lock
                0x08002294        0x2 e:/embedded/iti advanced/imt_sdk_win_64/winarm/armgcc/bin/../lib/gcc/arm-none-eabi/7.2.1/../../../../arm-none-eabi/lib/thumb/v7e-m\libg_nano.a(lib_a-mlock.o)
                0x08002294                __malloc_lock
 .text.__malloc_unlock
                0x08002296        0x2 e:/embedded/iti advanced/imt_sdk_win_64/winarm/armgcc/bin/../lib/gcc/arm-none-eabi/7.2.1/../../../../arm-none-eabi/lib/thumb/v7e-m\libg_nano.a(lib_a-mlock.o)
                0x08002296                __malloc_unlock
 .text._malloc_usable_size_r
                0x08002298       0x10 e:/embedded/iti advanced/imt_sdk_win_64/winarm/armgcc/bin/../lib/gcc/arm-none-eabi/7.2.1/../../../../arm-none-eabi/lib/thumb/v7e-m\libg_nano.a(lib_a-nano-msizer.o)
                0x08002298                _malloc_usable_size_r
 *(.rodata .rodata.* .constdata .constdata.*)
 .rodata.HAL_NVIC_SetPriorityGrouping.str1.4
                0x080022a8       0x31 ./system/src/stm32f4-hal/stm32f4xx_hal_cortex.o
 *fill*         0x080022d9        0x3 
 .rodata.APBAHBPrescTable
                0x080022dc       0x10 ./system/src/stm32f4-hal/stm32f4xx_hal_rcc.o
                0x080022dc                APBAHBPrescTable
 .rodata.HAL_RCC_OscConfig.str1.4
                0x080022ec       0x2e ./system/src/stm32f4-hal/stm32f4xx_hal_rcc.o
 *fill*         0x0800231a        0x2 
 .rodata.abort.str1.4
                0x0800231c       0x14 ./system/src/newlib/_exit.o
 .rodata.assert_failed.str1.4
                0x08002330       0x2b ./system/src/newlib/assert.o
 .rodata.trace_puts.str1.4
                0x0800235b       0x2b ./system/src/diag/Trace.o
                                  0x2 (size before relaxing)
 *fill*         0x0800235b        0x1 
 .rodata.dumpExceptionStack.str1.4
                0x0800235c      0x11a ./system/src/cortexm/exception_handlers.o
 *fill*         0x08002476        0x2 
 .rodata.str1.4
                0x08002478       0x2c ./system/src/cortexm/exception_handlers.o
                                 0x2a (size before relaxing)
 .rodata.AHBPrescTable
                0x080024a4       0x10 ./system/src/cmsis/system_stm32f4xx.o
                0x080024a4                AHBPrescTable
 .rodata._svfprintf_r.str1.1
                0x080024b4       0x11 e:/embedded/iti advanced/imt_sdk_win_64/winarm/armgcc/bin/../lib/gcc/arm-none-eabi/7.2.1/../../../../arm-none-eabi/lib/thumb/v7e-m\libg_nano.a(lib_a-nano-svfprintf.o)
 .rodata._printf_i.str1.1
                0x080024c5       0x22 e:/embedded/iti advanced/imt_sdk_win_64/winarm/armgcc/bin/../lib/gcc/arm-none-eabi/7.2.1/../../../../arm-none-eabi/lib/thumb/v7e-m\libg_nano.a(lib_a-nano-vfprintf_i.o)
 *(vtable)
 *(.eh_frame*)
 *(.glue_7)
 .glue_7        0x080024e7        0x0 linker stubs
 *(.glue_7t)
 .glue_7t       0x080024e7        0x0 linker stubs

.vfp11_veneer   0x080024e8        0x0
 .vfp11_veneer  0x080024e8        0x0 linker stubs

.v4_bx          0x080024e8        0x0
 .v4_bx         0x080024e8        0x0 linker stubs

.iplt           0x080024e8        0x0
 .iplt          0x080024e8        0x0 ./system/src/stm32f4-hal/stm32f4xx_hal.o

.rel.dyn        0x080024e8        0x0
 .rel.iplt      0x080024e8        0x0 ./system/src/stm32f4-hal/stm32f4xx_hal.o

.ARM.extab
 *(.ARM.extab* .gnu.linkonce.armextab.*)
                0x080024e8                . = ALIGN (0x4)
                0x080024e8                __exidx_start = .

.ARM.exidx
 *(.ARM.exidx* .gnu.linkonce.armexidx.*)
                0x080024e8                __exidx_end = .
                0x080024e8                . = ALIGN (0x4)
                0x080024e8                _etext = .
                0x080024e8                __etext = .

.data_CCMRAM    0x10000000        0x0 load address 0x080024e8
 FILL mask 0xff
 *(.data.CCMRAM .data.CCMRAM.*)
                0x10000000                . = ALIGN (0x4)
                0x080024e8                _sidata = LOADADDR (.data)

.data           0x20000000       0x78 load address 0x080024e8
 FILL mask 0xff
                0x20000000                _sdata = .
                0x20000000                __data_start__ = .
 *(.data_begin .data_begin.*)
 .data_begin    0x20000000        0x4 ./system/src/newlib/_startup.o
 *(.data .data.*)
 .data.argv.4310
                0x20000004        0x8 ./system/src/newlib/_syscalls.o
 .data.SystemCoreClock
                0x2000000c        0x4 ./system/src/cmsis/system_stm32f4xx.o
                0x2000000c                SystemCoreClock
 .data._impure_ptr
                0x20000010        0x4 e:/embedded/iti advanced/imt_sdk_win_64/winarm/armgcc/bin/../lib/gcc/arm-none-eabi/7.2.1/../../../../arm-none-eabi/lib/thumb/v7e-m\libg_nano.a(lib_a-impure.o)
                0x20000010                _impure_ptr
 .data.impure_data
                0x20000014       0x60 e:/embedded/iti advanced/imt_sdk_win_64/winarm/armgcc/bin/../lib/gcc/arm-none-eabi/7.2.1/../../../../arm-none-eabi/lib/thumb/v7e-m\libg_nano.a(lib_a-impure.o)
 *(.data_end .data_end.*)
 .data_end      0x20000074        0x4 ./system/src/newlib/_startup.o
                0x20000078                . = ALIGN (0x4)
                0x20000078                _edata = .
                0x20000078                __data_end__ = .

.igot.plt       0x20000078        0x0 load address 0x08002560
 .igot.plt      0x20000078        0x0 ./system/src/stm32f4-hal/stm32f4xx_hal.o

.bss_CCMRAM     0x10000000        0x0
 *(.bss.CCMRAM .bss.CCMRAM.*)

.bss            0x20000078       0xb0
                0x20000078                __bss_start__ = .
                0x20000078                _sbss = .
 *(.bss_begin .bss_begin.*)
 .bss_begin     0x20000078        0x4 ./system/src/newlib/_startup.o
 *(.bss .bss.*)
 .bss.current_heap_end.3961
                0x2000007c        0x4 ./system/src/newlib/_sbrk.o
 .bss.name.4309
                0x20000080        0x1 ./system/src/newlib/_syscalls.o
 *fill*         0x20000081        0x3 
 .bss.buf.5205  0x20000084       0x80 ./system/src/diag/Trace.o
 .bss.external_interrupt_0_callback
                0x20000104        0x4 ./src/MCAL/EXTERNAL_INTERRUPT/EXTERNAL_INTERRUPT_Prog.o
 .bss.external_interrupt_1_callback
                0x20000108        0x4 ./src/MCAL/EXTERNAL_INTERRUPT/EXTERNAL_INTERRUPT_Prog.o
 .bss.external_interrupt_2_callback
                0x2000010c        0x4 ./src/MCAL/EXTERNAL_INTERRUPT/EXTERNAL_INTERRUPT_Prog.o
 .bss.__malloc_free_list
                0x20000110        0x4 e:/embedded/iti advanced/imt_sdk_win_64/winarm/armgcc/bin/../lib/gcc/arm-none-eabi/7.2.1/../../../../arm-none-eabi/lib/thumb/v7e-m\libg_nano.a(lib_a-nano-mallocr.o)
                0x20000110                __malloc_free_list
 .bss.__malloc_sbrk_start
                0x20000114        0x4 e:/embedded/iti advanced/imt_sdk_win_64/winarm/armgcc/bin/../lib/gcc/arm-none-eabi/7.2.1/../../../../arm-none-eabi/lib/thumb/v7e-m\libg_nano.a(lib_a-nano-mallocr.o)
                0x20000114                __malloc_sbrk_start
 *(COMMON)
 COMMON         0x20000118        0x4 ./system/src/stm32f4-hal/stm32f4xx_hal.o
                0x20000118                uwTick
 COMMON         0x2000011c        0x4 ./system/src/newlib/_syscalls.o
                0x2000011c                errno
 COMMON         0x20000120        0x1 ./src/MCAL/NVIC/NVIC_Prog.o
                0x20000120                global_grouping
 COMMON         0x20000121        0x3 ./src/main.o
                0x20000121                ir2_state
                0x20000122                ir1_state
                0x20000123                ir3_state
 *(.bss_end .bss_end.*)
 .bss_end       0x20000124        0x4 ./system/src/newlib/_startup.o
                0x20000128                . = ALIGN (0x4)
                0x20000128                __bss_end__ = .
                0x20000128                _ebss = .

.noinit_CCMRAM
 *(.noinit.CCMRAM .noinit.CCMRAM.*)

.noinit         0x20000128        0x0
                0x20000128                _noinit = .
 *(.noinit .noinit.*)
                0x20000128                . = ALIGN (0x4)
                0x20000128                _end_noinit = .
                [!provide]                PROVIDE (end, _end_noinit)
                [!provide]                PROVIDE (_end, _end_noinit)
                [!provide]                PROVIDE (__end, _end_noinit)
                [!provide]                PROVIDE (__end__, _end_noinit)

._check_stack   0x20000128      0x100
                0x20000228                . = (. + _Minimum_Stack_Size)
 *fill*         0x20000128      0x100 

.b1text
 *(.b1text)
 *(.b1rodata)
 *(.b1rodata.*)

.eb0text
 *(.eb0text)
 *(.eb0rodata)
 *(.eb0rodata.*)

.eb1text
 *(.eb1text)
 *(.eb1rodata)
 *(.eb1rodata.*)

.eb2text
 *(.eb2text)
 *(.eb2rodata)
 *(.eb2rodata.*)

.eb3text
 *(.eb3text)
 *(.eb3rodata)
 *(.eb3rodata.*)

.stab
 *(.stab)

.stabstr
 *(.stabstr)

.stab.excl
 *(.stab.excl)

.stab.exclstr
 *(.stab.exclstr)

.stab.index
 *(.stab.index)

.stab.indexstr
 *(.stab.indexstr)

.comment        0x00000000       0x7e
 *(.comment)
 .comment       0x00000000       0x7e ./system/src/stm32f4-hal/stm32f4xx_hal.o
                                 0x7f (size before relaxing)
 .comment       0x0000007e       0x7f ./system/src/stm32f4-hal/stm32f4xx_hal_cortex.o
 .comment       0x0000007e       0x7f ./system/src/stm32f4-hal/stm32f4xx_hal_rcc.o
 .comment       0x0000007e       0x7f ./system/src/newlib/_exit.o
 .comment       0x0000007e       0x7f ./system/src/newlib/_sbrk.o
 .comment       0x0000007e       0x7f ./system/src/newlib/_startup.o
 .comment       0x0000007e       0x7f ./system/src/newlib/_syscalls.o
 .comment       0x0000007e       0x7f ./system/src/newlib/assert.o
 .comment       0x0000007e       0x7f ./system/src/diag/Trace.o
 .comment       0x0000007e       0x7f ./system/src/diag/trace_impl.o
 .comment       0x0000007e       0x7f ./system/src/cortexm/_initialize_hardware.o
 .comment       0x0000007e       0x7f ./system/src/cortexm/exception_handlers.o
 .comment       0x0000007e       0x7f ./system/src/cmsis/system_stm32f4xx.o
 .comment       0x0000007e       0x7f ./system/src/cmsis/vectors_stm32f401xc.o
 .comment       0x0000007e       0x7f ./src/MCAL/UART/UART_Prog.o
 .comment       0x0000007e       0x7f ./src/MCAL/NVIC/NVIC_Prog.o
 .comment       0x0000007e       0x7f ./src/MCAL/MRCC/MRCC_prog.o
 .comment       0x0000007e       0x7f ./src/MCAL/MGPIO/MGPIO_program.o
 .comment       0x0000007e       0x7f ./src/MCAL/EXTERNAL_INTERRUPT/EXTERNAL_INTERRUPT_Prog.o
 .comment       0x0000007e       0x7f ./src/HAL/MOTOR/MOTOR.o
 .comment       0x0000007e       0x7f ./src/HAL/LED/LED_Prog.o
 .comment       0x0000007e       0x7f ./src/HAL/IR/IR_Prog.o
 .comment       0x0000007e       0x7f ./src/_initialize_hardware.o
 .comment       0x0000007e       0x7f ./src/main.o
 .comment       0x0000007e       0x7f ./src/stm32f4xx_hal_msp.o

.ARM.attributes
                0x00000000       0x31
 .ARM.attributes
                0x00000000       0x33 ./system/src/stm32f4-hal/stm32f4xx_hal.o
 .ARM.attributes
                0x00000033       0x33 ./system/src/stm32f4-hal/stm32f4xx_hal_cortex.o
 .ARM.attributes
                0x00000066       0x33 ./system/src/stm32f4-hal/stm32f4xx_hal_rcc.o
 .ARM.attributes
                0x00000099       0x33 ./system/src/newlib/_exit.o
 .ARM.attributes
                0x000000cc       0x33 ./system/src/newlib/_sbrk.o
 .ARM.attributes
                0x000000ff       0x33 ./system/src/newlib/_startup.o
 .ARM.attributes
                0x00000132       0x33 ./system/src/newlib/_syscalls.o
 .ARM.attributes
                0x00000165       0x33 ./system/src/newlib/assert.o
 .ARM.attributes
                0x00000198       0x33 ./system/src/diag/Trace.o
 .ARM.attributes
                0x000001cb       0x33 ./system/src/diag/trace_impl.o
 .ARM.attributes
                0x000001fe       0x33 ./system/src/cortexm/_initialize_hardware.o
 .ARM.attributes
                0x00000231       0x33 ./system/src/cortexm/exception_handlers.o
 .ARM.attributes
                0x00000264       0x33 ./system/src/cmsis/system_stm32f4xx.o
 .ARM.attributes
                0x00000297       0x33 ./system/src/cmsis/vectors_stm32f401xc.o
 .ARM.attributes
                0x000002ca       0x33 ./src/MCAL/UART/UART_Prog.o
 .ARM.attributes
                0x000002fd       0x33 ./src/MCAL/NVIC/NVIC_Prog.o
 .ARM.attributes
                0x00000330       0x33 ./src/MCAL/MRCC/MRCC_prog.o
 .ARM.attributes
                0x00000363       0x33 ./src/MCAL/MGPIO/MGPIO_program.o
 .ARM.attributes
                0x00000396       0x33 ./src/MCAL/EXTERNAL_INTERRUPT/EXTERNAL_INTERRUPT_Prog.o
 .ARM.attributes
                0x000003c9       0x33 ./src/HAL/MOTOR/MOTOR.o
 .ARM.attributes
                0x000003fc       0x33 ./src/HAL/LED/LED_Prog.o
 .ARM.attributes
                0x0000042f       0x33 ./src/HAL/IR/IR_Prog.o
 .ARM.attributes
                0x00000462       0x33 ./src/_initialize_hardware.o
 .ARM.attributes
                0x00000495       0x33 ./src/main.o
 .ARM.attributes
                0x000004c8       0x33 ./src/stm32f4xx_hal_msp.o
 .ARM.attributes
                0x000004fb       0x2e e:/embedded/iti advanced/imt_sdk_win_64/winarm/armgcc/bin/../lib/gcc/arm-none-eabi/7.2.1/../../../../arm-none-eabi/lib/thumb/v7e-m\libg_nano.a(lib_a-errno.o)
 .ARM.attributes
                0x00000529       0x2e e:/embedded/iti advanced/imt_sdk_win_64/winarm/armgcc/bin/../lib/gcc/arm-none-eabi/7.2.1/../../../../arm-none-eabi/lib/thumb/v7e-m\libg_nano.a(lib_a-impure.o)
 .ARM.attributes
                0x00000557       0x17 e:/embedded/iti advanced/imt_sdk_win_64/winarm/armgcc/bin/../lib/gcc/arm-none-eabi/7.2.1/../../../../arm-none-eabi/lib/thumb/v7e-m\libg_nano.a(lib_a-strlen.o)
 .ARM.attributes
                0x0000056e       0x2e e:/embedded/iti advanced/imt_sdk_win_64/winarm/armgcc/bin/../lib/gcc/arm-none-eabi/7.2.1/../../../../arm-none-eabi/lib/thumb/v7e-m\libg_nano.a(lib_a-vsnprintf.o)
 .ARM.attributes
                0x0000059c       0x2e e:/embedded/iti advanced/imt_sdk_win_64/winarm/armgcc/bin/../lib/gcc/arm-none-eabi/7.2.1/../../../../arm-none-eabi/lib/thumb/v7e-m\libg_nano.a(lib_a-nano-svfprintf.o)
 .ARM.attributes
                0x000005ca       0x2e e:/embedded/iti advanced/imt_sdk_win_64/winarm/armgcc/bin/../lib/gcc/arm-none-eabi/7.2.1/../../../../arm-none-eabi/lib/thumb/v7e-m\libg_nano.a(lib_a-nano-vfprintf_i.o)
 .ARM.attributes
                0x000005f8       0x1c e:/embedded/iti advanced/imt_sdk_win_64/winarm/armgcc/bin/../lib/gcc/arm-none-eabi/7.2.1/../../../../arm-none-eabi/lib/thumb/v7e-m\libg_nano.a(lib_a-memchr.o)
 .ARM.attributes
                0x00000614       0x2e e:/embedded/iti advanced/imt_sdk_win_64/winarm/armgcc/bin/../lib/gcc/arm-none-eabi/7.2.1/../../../../arm-none-eabi/lib/thumb/v7e-m\libg_nano.a(lib_a-memcpy-stub.o)
 .ARM.attributes
                0x00000642       0x2e e:/embedded/iti advanced/imt_sdk_win_64/winarm/armgcc/bin/../lib/gcc/arm-none-eabi/7.2.1/../../../../arm-none-eabi/lib/thumb/v7e-m\libg_nano.a(lib_a-memmove.o)
 .ARM.attributes
                0x00000670       0x2e e:/embedded/iti advanced/imt_sdk_win_64/winarm/armgcc/bin/../lib/gcc/arm-none-eabi/7.2.1/../../../../arm-none-eabi/lib/thumb/v7e-m\libg_nano.a(lib_a-nano-freer.o)
 .ARM.attributes
                0x0000069e       0x2e e:/embedded/iti advanced/imt_sdk_win_64/winarm/armgcc/bin/../lib/gcc/arm-none-eabi/7.2.1/../../../../arm-none-eabi/lib/thumb/v7e-m\libg_nano.a(lib_a-nano-mallocr.o)
 .ARM.attributes
                0x000006cc       0x2e e:/embedded/iti advanced/imt_sdk_win_64/winarm/armgcc/bin/../lib/gcc/arm-none-eabi/7.2.1/../../../../arm-none-eabi/lib/thumb/v7e-m\libg_nano.a(lib_a-nano-reallocr.o)
 .ARM.attributes
                0x000006fa       0x2e e:/embedded/iti advanced/imt_sdk_win_64/winarm/armgcc/bin/../lib/gcc/arm-none-eabi/7.2.1/../../../../arm-none-eabi/lib/thumb/v7e-m\libg_nano.a(lib_a-sbrkr.o)
 .ARM.attributes
                0x00000728       0x2e e:/embedded/iti advanced/imt_sdk_win_64/winarm/armgcc/bin/../lib/gcc/arm-none-eabi/7.2.1/../../../../arm-none-eabi/lib/thumb/v7e-m\libg_nano.a(lib_a-mlock.o)
 .ARM.attributes
                0x00000756       0x2e e:/embedded/iti advanced/imt_sdk_win_64/winarm/armgcc/bin/../lib/gcc/arm-none-eabi/7.2.1/../../../../arm-none-eabi/lib/thumb/v7e-m\libg_nano.a(lib_a-nano-msizer.o)

.debug
 *(.debug)

.line
 *(.line)

.debug_srcinfo
 *(.debug_srcinfo)

.debug_sfnames
 *(.debug_sfnames)

.debug_aranges  0x00000000      0x6f0
 *(.debug_aranges)
 .debug_aranges
                0x00000000       0xc0 ./system/src/stm32f4-hal/stm32f4xx_hal.o
 .debug_aranges
                0x000000c0       0x98 ./system/src/stm32f4-hal/stm32f4xx_hal_cortex.o
 .debug_aranges
                0x00000158       0x88 ./system/src/stm32f4-hal/stm32f4xx_hal_rcc.o
 .debug_aranges
                0x000001e0       0x28 ./system/src/newlib/_exit.o
 .debug_aranges
                0x00000208       0x20 ./system/src/newlib/_sbrk.o
 .debug_aranges
                0x00000228       0x40 ./system/src/newlib/_startup.o
 .debug_aranges
                0x00000268       0x30 ./system/src/newlib/_syscalls.o
 .debug_aranges
                0x00000298       0x28 ./system/src/newlib/assert.o
 .debug_aranges
                0x000002c0       0x38 ./system/src/diag/Trace.o
 .debug_aranges
                0x000002f8       0x30 ./system/src/diag/trace_impl.o
 .debug_aranges
                0x00000328       0x28 ./system/src/cortexm/_initialize_hardware.o
 .debug_aranges
                0x00000350       0x90 ./system/src/cortexm/exception_handlers.o
 .debug_aranges
                0x000003e0       0x28 ./system/src/cmsis/system_stm32f4xx.o
 .debug_aranges
                0x00000408       0x20 ./system/src/cmsis/vectors_stm32f401xc.o
 .debug_aranges
                0x00000428       0x50 ./src/MCAL/UART/UART_Prog.o
 .debug_aranges
                0x00000478       0x50 ./src/MCAL/NVIC/NVIC_Prog.o
 .debug_aranges
                0x000004c8       0x48 ./src/MCAL/MRCC/MRCC_prog.o
 .debug_aranges
                0x00000510       0x60 ./src/MCAL/MGPIO/MGPIO_program.o
 .debug_aranges
                0x00000570       0x60 ./src/MCAL/EXTERNAL_INTERRUPT/EXTERNAL_INTERRUPT_Prog.o
 .debug_aranges
                0x000005d0       0x28 ./src/HAL/MOTOR/MOTOR.o
 .debug_aranges
                0x000005f8       0x28 ./src/HAL/LED/LED_Prog.o
 .debug_aranges
                0x00000620       0x28 ./src/HAL/IR/IR_Prog.o
 .debug_aranges
                0x00000648       0x28 ./src/_initialize_hardware.o
 .debug_aranges
                0x00000670       0x48 ./src/main.o
 .debug_aranges
                0x000006b8       0x38 ./src/stm32f4xx_hal_msp.o

.debug_pubnames
 *(.debug_pubnames)

.debug_info     0x00000000     0xe706
 *(.debug_info .gnu.linkonce.wi.*)
 .debug_info    0x00000000     0x107e ./system/src/stm32f4-hal/stm32f4xx_hal.o
 .debug_info    0x0000107e     0x1863 ./system/src/stm32f4-hal/stm32f4xx_hal_cortex.o
 .debug_info    0x000028e1     0x177e ./system/src/stm32f4-hal/stm32f4xx_hal_rcc.o
 .debug_info    0x0000405f      0x956 ./system/src/newlib/_exit.o
 .debug_info    0x000049b5      0x942 ./system/src/newlib/_sbrk.o
 .debug_info    0x000052f7      0x4bf ./system/src/newlib/_startup.o
 .debug_info    0x000057b6      0xa19 ./system/src/newlib/_syscalls.o
 .debug_info    0x000061cf      0x9ff ./system/src/newlib/assert.o
 .debug_info    0x00006bce      0xb2a ./system/src/diag/Trace.o
 .debug_info    0x000076f8      0xb6b ./system/src/diag/trace_impl.o
 .debug_info    0x00008263      0xade ./system/src/cortexm/_initialize_hardware.o
 .debug_info    0x00008d41     0x115a ./system/src/cortexm/exception_handlers.o
 .debug_info    0x00009e9b      0xcfe ./system/src/cmsis/system_stm32f4xx.o
 .debug_info    0x0000ab99       0xca ./system/src/cmsis/vectors_stm32f401xc.o
 .debug_info    0x0000ac63      0x382 ./src/MCAL/UART/UART_Prog.o
 .debug_info    0x0000afe5      0x31a ./src/MCAL/NVIC/NVIC_Prog.o
 .debug_info    0x0000b2ff      0x3ca ./src/MCAL/MRCC/MRCC_prog.o
 .debug_info    0x0000b6c9      0x367 ./src/MCAL/MGPIO/MGPIO_program.o
 .debug_info    0x0000ba30      0x2ad ./src/MCAL/EXTERNAL_INTERRUPT/EXTERNAL_INTERRUPT_Prog.o
 .debug_info    0x0000bcdd      0x126 ./src/HAL/MOTOR/MOTOR.o
 .debug_info    0x0000be03      0x126 ./src/HAL/LED/LED_Prog.o
 .debug_info    0x0000bf29      0x11b ./src/HAL/IR/IR_Prog.o
 .debug_info    0x0000c044      0xd34 ./src/_initialize_hardware.o
 .debug_info    0x0000cd78     0x107f ./src/main.o
 .debug_info    0x0000ddf7      0x90f ./src/stm32f4xx_hal_msp.o

.debug_abbrev   0x00000000     0x3008
 *(.debug_abbrev)
 .debug_abbrev  0x00000000      0x32b ./system/src/stm32f4-hal/stm32f4xx_hal.o
 .debug_abbrev  0x0000032b      0x3f1 ./system/src/stm32f4-hal/stm32f4xx_hal_cortex.o
 .debug_abbrev  0x0000071c      0x394 ./system/src/stm32f4-hal/stm32f4xx_hal_rcc.o
 .debug_abbrev  0x00000ab0      0x1f3 ./system/src/newlib/_exit.o
 .debug_abbrev  0x00000ca3      0x1fc ./system/src/newlib/_sbrk.o
 .debug_abbrev  0x00000e9f      0x1cb ./system/src/newlib/_startup.o
 .debug_abbrev  0x0000106a      0x234 ./system/src/newlib/_syscalls.o
 .debug_abbrev  0x0000129e      0x1f3 ./system/src/newlib/assert.o
 .debug_abbrev  0x00001491      0x276 ./system/src/diag/Trace.o
 .debug_abbrev  0x00001707      0x2ef ./system/src/diag/trace_impl.o
 .debug_abbrev  0x000019f6      0x1de ./system/src/cortexm/_initialize_hardware.o
 .debug_abbrev  0x00001bd4      0x32b ./system/src/cortexm/exception_handlers.o
 .debug_abbrev  0x00001eff      0x216 ./system/src/cmsis/system_stm32f4xx.o
 .debug_abbrev  0x00002115       0x9d ./system/src/cmsis/vectors_stm32f401xc.o
 .debug_abbrev  0x000021b2      0x159 ./src/MCAL/UART/UART_Prog.o
 .debug_abbrev  0x0000230b      0x151 ./src/MCAL/NVIC/NVIC_Prog.o
 .debug_abbrev  0x0000245c      0x10d ./src/MCAL/MRCC/MRCC_prog.o
 .debug_abbrev  0x00002569      0x12c ./src/MCAL/MGPIO/MGPIO_program.o
 .debug_abbrev  0x00002695      0x113 ./src/MCAL/EXTERNAL_INTERRUPT/EXTERNAL_INTERRUPT_Prog.o
 .debug_abbrev  0x000027a8       0xa5 ./src/HAL/MOTOR/MOTOR.o
 .debug_abbrev  0x0000284d       0x96 ./src/HAL/LED/LED_Prog.o
 .debug_abbrev  0x000028e3       0xc1 ./src/HAL/IR/IR_Prog.o
 .debug_abbrev  0x000029a4      0x22d ./src/_initialize_hardware.o
 .debug_abbrev  0x00002bd1      0x286 ./src/main.o
 .debug_abbrev  0x00002e57      0x1b1 ./src/stm32f4xx_hal_msp.o

.debug_line     0x00000000     0x8d5f
 *(.debug_line)
 .debug_line    0x00000000      0xb8c ./system/src/stm32f4-hal/stm32f4xx_hal.o
 .debug_line    0x00000b8c      0xc83 ./system/src/stm32f4-hal/stm32f4xx_hal_cortex.o
 .debug_line    0x0000180f      0xe0e ./system/src/stm32f4-hal/stm32f4xx_hal_rcc.o
 .debug_line    0x0000261d      0x34f ./system/src/newlib/_exit.o
 .debug_line    0x0000296c      0x303 ./system/src/newlib/_sbrk.o
 .debug_line    0x00002c6f      0x3cb ./system/src/newlib/_startup.o
 .debug_line    0x0000303a      0x419 ./system/src/newlib/_syscalls.o
 .debug_line    0x00003453      0x38a ./system/src/newlib/assert.o
 .debug_line    0x000037dd      0x3cb ./system/src/diag/Trace.o
 .debug_line    0x00003ba8      0xabf ./system/src/diag/trace_impl.o
 .debug_line    0x00004667      0xa28 ./system/src/cortexm/_initialize_hardware.o
 .debug_line    0x0000508f      0xb76 ./system/src/cortexm/exception_handlers.o
 .debug_line    0x00005c05      0xa2e ./system/src/cmsis/system_stm32f4xx.o
 .debug_line    0x00006633      0x102 ./system/src/cmsis/vectors_stm32f401xc.o
 .debug_line    0x00006735      0x151 ./src/MCAL/UART/UART_Prog.o
 .debug_line    0x00006886      0x129 ./src/MCAL/NVIC/NVIC_Prog.o
 .debug_line    0x000069af      0x142 ./src/MCAL/MRCC/MRCC_prog.o
 .debug_line    0x00006af1      0x1e2 ./src/MCAL/MGPIO/MGPIO_program.o
 .debug_line    0x00006cd3      0x1ab ./src/MCAL/EXTERNAL_INTERRUPT/EXTERNAL_INTERRUPT_Prog.o
 .debug_line    0x00006e7e      0x13c ./src/HAL/MOTOR/MOTOR.o
 .debug_line    0x00006fba      0x133 ./src/HAL/LED/LED_Prog.o
 .debug_line    0x000070ed      0x13a ./src/HAL/IR/IR_Prog.o
 .debug_line    0x00007227      0xa21 ./src/_initialize_hardware.o
 .debug_line    0x00007c48      0x6f5 ./src/main.o
 .debug_line    0x0000833d      0xa22 ./src/stm32f4xx_hal_msp.o

.debug_frame    0x00000000     0x1064
 *(.debug_frame)
 .debug_frame   0x00000000      0x188 ./system/src/stm32f4-hal/stm32f4xx_hal.o
 .debug_frame   0x00000188      0x17c ./system/src/stm32f4-hal/stm32f4xx_hal_cortex.o
 .debug_frame   0x00000304      0x140 ./system/src/stm32f4-hal/stm32f4xx_hal_rcc.o
 .debug_frame   0x00000444       0x38 ./system/src/newlib/_exit.o
 .debug_frame   0x0000047c       0x28 ./system/src/newlib/_sbrk.o
 .debug_frame   0x000004a4       0x7c ./system/src/newlib/_startup.o
 .debug_frame   0x00000520       0x50 ./system/src/newlib/_syscalls.o
 .debug_frame   0x00000570       0x40 ./system/src/newlib/assert.o
 .debug_frame   0x000005b0       0x94 ./system/src/diag/Trace.o
 .debug_frame   0x00000644       0x64 ./system/src/diag/trace_impl.o
 .debug_frame   0x000006a8       0x40 ./system/src/cortexm/_initialize_hardware.o
 .debug_frame   0x000006e8      0x158 ./system/src/cortexm/exception_handlers.o
 .debug_frame   0x00000840       0x30 ./system/src/cmsis/system_stm32f4xx.o
 .debug_frame   0x00000870       0x20 ./system/src/cmsis/vectors_stm32f401xc.o
 .debug_frame   0x00000890       0x8c ./src/MCAL/UART/UART_Prog.o
 .debug_frame   0x0000091c       0xb0 ./src/MCAL/NVIC/NVIC_Prog.o
 .debug_frame   0x000009cc       0x70 ./src/MCAL/MRCC/MRCC_prog.o
 .debug_frame   0x00000a3c       0xac ./src/MCAL/MGPIO/MGPIO_program.o
 .debug_frame   0x00000ae8       0xb8 ./src/MCAL/EXTERNAL_INTERRUPT/EXTERNAL_INTERRUPT_Prog.o
 .debug_frame   0x00000ba0       0x40 ./src/HAL/MOTOR/MOTOR.o
 .debug_frame   0x00000be0       0x40 ./src/HAL/LED/LED_Prog.o
 .debug_frame   0x00000c20       0x40 ./src/HAL/IR/IR_Prog.o
 .debug_frame   0x00000c60       0x4c ./src/_initialize_hardware.o
 .debug_frame   0x00000cac       0xa0 ./src/main.o
 .debug_frame   0x00000d4c       0x50 ./src/stm32f4xx_hal_msp.o
 .debug_frame   0x00000d9c       0x20 e:/embedded/iti advanced/imt_sdk_win_64/winarm/armgcc/bin/../lib/gcc/arm-none-eabi/7.2.1/../../../../arm-none-eabi/lib/thumb/v7e-m\libg_nano.a(lib_a-errno.o)
 .debug_frame   0x00000dbc       0x4c e:/embedded/iti advanced/imt_sdk_win_64/winarm/armgcc/bin/../lib/gcc/arm-none-eabi/7.2.1/../../../../arm-none-eabi/lib/thumb/v7e-m\libg_nano.a(lib_a-vsnprintf.o)
 .debug_frame   0x00000e08       0x90 e:/embedded/iti advanced/imt_sdk_win_64/winarm/armgcc/bin/../lib/gcc/arm-none-eabi/7.2.1/../../../../arm-none-eabi/lib/thumb/v7e-m\libg_nano.a(lib_a-nano-svfprintf.o)
 .debug_frame   0x00000e98       0x60 e:/embedded/iti advanced/imt_sdk_win_64/winarm/armgcc/bin/../lib/gcc/arm-none-eabi/7.2.1/../../../../arm-none-eabi/lib/thumb/v7e-m\libg_nano.a(lib_a-nano-vfprintf_i.o)
 .debug_frame   0x00000ef8       0x28 e:/embedded/iti advanced/imt_sdk_win_64/winarm/armgcc/bin/../lib/gcc/arm-none-eabi/7.2.1/../../../../arm-none-eabi/lib/thumb/v7e-m\libg_nano.a(lib_a-memcpy-stub.o)
 .debug_frame   0x00000f20       0x28 e:/embedded/iti advanced/imt_sdk_win_64/winarm/armgcc/bin/../lib/gcc/arm-none-eabi/7.2.1/../../../../arm-none-eabi/lib/thumb/v7e-m\libg_nano.a(lib_a-memmove.o)
 .debug_frame   0x00000f48       0x38 e:/embedded/iti advanced/imt_sdk_win_64/winarm/armgcc/bin/../lib/gcc/arm-none-eabi/7.2.1/../../../../arm-none-eabi/lib/thumb/v7e-m\libg_nano.a(lib_a-nano-freer.o)
 .debug_frame   0x00000f80       0x2c e:/embedded/iti advanced/imt_sdk_win_64/winarm/armgcc/bin/../lib/gcc/arm-none-eabi/7.2.1/../../../../arm-none-eabi/lib/thumb/v7e-m\libg_nano.a(lib_a-nano-mallocr.o)
 .debug_frame   0x00000fac       0x3c e:/embedded/iti advanced/imt_sdk_win_64/winarm/armgcc/bin/../lib/gcc/arm-none-eabi/7.2.1/../../../../arm-none-eabi/lib/thumb/v7e-m\libg_nano.a(lib_a-nano-reallocr.o)
 .debug_frame   0x00000fe8       0x2c e:/embedded/iti advanced/imt_sdk_win_64/winarm/armgcc/bin/../lib/gcc/arm-none-eabi/7.2.1/../../../../arm-none-eabi/lib/thumb/v7e-m\libg_nano.a(lib_a-sbrkr.o)
 .debug_frame   0x00001014       0x30 e:/embedded/iti advanced/imt_sdk_win_64/winarm/armgcc/bin/../lib/gcc/arm-none-eabi/7.2.1/../../../../arm-none-eabi/lib/thumb/v7e-m\libg_nano.a(lib_a-mlock.o)
 .debug_frame   0x00001044       0x20 e:/embedded/iti advanced/imt_sdk_win_64/winarm/armgcc/bin/../lib/gcc/arm-none-eabi/7.2.1/../../../../arm-none-eabi/lib/thumb/v7e-m\libg_nano.a(lib_a-nano-msizer.o)

.debug_str      0x00000000    0x75f40
 *(.debug_str)
 .debug_str     0x00000000    0x6fc5f ./system/src/stm32f4-hal/stm32f4xx_hal.o
                              0x70099 (size before relaxing)
 .debug_str     0x0006fc5f      0x394 ./system/src/stm32f4-hal/stm32f4xx_hal_cortex.o
                              0x6ff03 (size before relaxing)
 .debug_str     0x0006fff3      0x3fa ./system/src/stm32f4-hal/stm32f4xx_hal_rcc.o
                              0x6fc1b (size before relaxing)
 .debug_str     0x000703ed     0x10ff ./system/src/newlib/_exit.o
                               0x7efa (size before relaxing)
 .debug_str     0x000714ec      0x4f5 ./system/src/newlib/_sbrk.o
                               0x72ac (size before relaxing)
 .debug_str     0x000719e1      0x2c6 ./system/src/newlib/_startup.o
                               0x6a4d (size before relaxing)
 .debug_str     0x00071ca7      0xe8b ./system/src/newlib/_syscalls.o
                               0x8187 (size before relaxing)
 .debug_str     0x00072b32       0xd0 ./system/src/newlib/assert.o
                               0x89ff (size before relaxing)
 .debug_str     0x00072c02      0x176 ./system/src/diag/Trace.o
                               0x8672 (size before relaxing)
 .debug_str     0x00072d78      0x37b ./system/src/diag/trace_impl.o
                              0x70998 (size before relaxing)
 .debug_str     0x000730f3       0x5e ./system/src/cortexm/_initialize_hardware.o
                              0x6f72a (size before relaxing)
 .debug_str     0x00073151      0x19d ./system/src/cortexm/exception_handlers.o
                              0x70b22 (size before relaxing)
 .debug_str     0x000732ee       0x46 ./system/src/cmsis/system_stm32f4xx.o
                              0x6f80b (size before relaxing)
 .debug_str     0x00073334       0x59 ./system/src/cmsis/vectors_stm32f401xc.o
                               0x388a (size before relaxing)
 .debug_str     0x0007338d      0x2a1 ./src/MCAL/UART/UART_Prog.o
                               0x306c (size before relaxing)
 .debug_str     0x0007362e      0x285 ./src/MCAL/NVIC/NVIC_Prog.o
                               0x3139 (size before relaxing)
 .debug_str     0x000738b3      0xbd7 ./src/MCAL/MRCC/MRCC_prog.o
                               0x3b3c (size before relaxing)
 .debug_str     0x0007448a     0x1475 ./src/MCAL/MGPIO/MGPIO_program.o
                               0x431b (size before relaxing)
 .debug_str     0x000758ff      0x44a ./src/MCAL/EXTERNAL_INTERRUPT/EXTERNAL_INTERRUPT_Prog.o
                               0x3286 (size before relaxing)
 .debug_str     0x00075d49       0x5a ./src/HAL/MOTOR/MOTOR.o
                               0x41d2 (size before relaxing)
 .debug_str     0x00075da3       0x56 ./src/HAL/LED/LED_Prog.o
                               0x41dc (size before relaxing)
 .debug_str     0x00075df9       0x3a ./src/HAL/IR/IR_Prog.o
                               0x41c2 (size before relaxing)
 .debug_str     0x00075e33       0x31 ./src/_initialize_hardware.o
                              0x6f921 (size before relaxing)
 .debug_str     0x00075e64       0x9f ./src/main.o
                               0xa712 (size before relaxing)
 .debug_str     0x00075f03       0x3d ./src/stm32f4xx_hal_msp.o
                              0x6f672 (size before relaxing)

.debug_loc      0x00000000     0x30de
 *(.debug_loc)
 .debug_loc     0x00000000       0x92 ./system/src/stm32f4-hal/stm32f4xx_hal.o
 .debug_loc     0x00000092      0x73b ./system/src/stm32f4-hal/stm32f4xx_hal_cortex.o
 .debug_loc     0x000007cd      0x50a ./system/src/stm32f4-hal/stm32f4xx_hal_rcc.o
 .debug_loc     0x00000cd7       0x85 ./system/src/newlib/_sbrk.o
 .debug_loc     0x00000d5c      0x2cb ./system/src/newlib/_startup.o
 .debug_loc     0x00001027       0x63 ./system/src/newlib/_syscalls.o
 .debug_loc     0x0000108a      0x134 ./system/src/newlib/assert.o
 .debug_loc     0x000011be       0xf6 ./system/src/diag/Trace.o
 .debug_loc     0x000012b4      0x121 ./system/src/diag/trace_impl.o
 .debug_loc     0x000013d5      0x291 ./system/src/cortexm/exception_handlers.o
 .debug_loc     0x00001666      0x13e ./system/src/cmsis/system_stm32f4xx.o
 .debug_loc     0x000017a4      0x11c ./src/MCAL/UART/UART_Prog.o
 .debug_loc     0x000018c0      0x1e7 ./src/MCAL/NVIC/NVIC_Prog.o
 .debug_loc     0x00001aa7      0x235 ./src/MCAL/MRCC/MRCC_prog.o
 .debug_loc     0x00001cdc     0x1079 ./src/MCAL/MGPIO/MGPIO_program.o
 .debug_loc     0x00002d55      0x17d ./src/MCAL/EXTERNAL_INTERRUPT/EXTERNAL_INTERRUPT_Prog.o
 .debug_loc     0x00002ed2       0xa5 ./src/HAL/MOTOR/MOTOR.o
 .debug_loc     0x00002f77       0xa5 ./src/HAL/LED/LED_Prog.o
 .debug_loc     0x0000301c       0x84 ./src/HAL/IR/IR_Prog.o
 .debug_loc     0x000030a0       0x3e ./src/main.o

.debug_macinfo
 *(.debug_macinfo)

.debug_weaknames
 *(.debug_weaknames)

.debug_funcnames
 *(.debug_funcnames)

.debug_typenames
 *(.debug_typenames)

.debug_varnames
 *(.debug_varnames)
OUTPUT(graduation_iti.elf elf32-littlearm)

.debug_ranges   0x00000000      0x680
 .debug_ranges  0x00000000       0xb0 ./system/src/stm32f4-hal/stm32f4xx_hal.o
 .debug_ranges  0x000000b0       0xe8 ./system/src/stm32f4-hal/stm32f4xx_hal_cortex.o
 .debug_ranges  0x00000198       0x78 ./system/src/stm32f4-hal/stm32f4xx_hal_rcc.o
 .debug_ranges  0x00000210       0x18 ./system/src/newlib/_exit.o
 .debug_ranges  0x00000228       0x10 ./system/src/newlib/_sbrk.o
 .debug_ranges  0x00000238       0x90 ./system/src/newlib/_startup.o
 .debug_ranges  0x000002c8       0x20 ./system/src/newlib/_syscalls.o
 .debug_ranges  0x000002e8       0x18 ./system/src/newlib/assert.o
 .debug_ranges  0x00000300       0x28 ./system/src/diag/Trace.o
 .debug_ranges  0x00000328       0x50 ./system/src/diag/trace_impl.o
 .debug_ranges  0x00000378       0x18 ./system/src/cortexm/_initialize_hardware.o
 .debug_ranges  0x00000390       0x80 ./system/src/cortexm/exception_handlers.o
 .debug_ranges  0x00000410       0x18 ./system/src/cmsis/system_stm32f4xx.o
 .debug_ranges  0x00000428       0x10 ./system/src/cmsis/vectors_stm32f401xc.o
 .debug_ranges  0x00000438       0x58 ./src/MCAL/UART/UART_Prog.o
 .debug_ranges  0x00000490       0x40 ./src/MCAL/NVIC/NVIC_Prog.o
 .debug_ranges  0x000004d0       0x38 ./src/MCAL/MRCC/MRCC_prog.o
 .debug_ranges  0x00000508       0x50 ./src/MCAL/MGPIO/MGPIO_program.o
 .debug_ranges  0x00000558       0x50 ./src/MCAL/EXTERNAL_INTERRUPT/EXTERNAL_INTERRUPT_Prog.o
 .debug_ranges  0x000005a8       0x18 ./src/HAL/MOTOR/MOTOR.o
 .debug_ranges  0x000005c0       0x18 ./src/HAL/LED/LED_Prog.o
 .debug_ranges  0x000005d8       0x18 ./src/HAL/IR/IR_Prog.o
 .debug_ranges  0x000005f0       0x18 ./src/_initialize_hardware.o
 .debug_ranges  0x00000608       0x50 ./src/main.o
 .debug_ranges  0x00000658       0x28 ./src/stm32f4xx_hal_msp.o

.debug_macro    0x00000000    0x15b64
 .debug_macro   0x00000000      0x532 ./system/src/stm32f4-hal/stm32f4xx_hal.o
 .debug_macro   0x00000532      0xa6c ./system/src/stm32f4-hal/stm32f4xx_hal.o
 .debug_macro   0x00000f9e      0x289 ./system/src/stm32f4-hal/stm32f4xx_hal.o
 .debug_macro   0x00001227       0x31 ./system/src/stm32f4-hal/stm32f4xx_hal.o
 .debug_macro   0x00001258       0x28 ./system/src/stm32f4-hal/stm32f4xx_hal.o
 .debug_macro   0x00001280      0x34e ./system/src/stm32f4-hal/stm32f4xx_hal.o
 .debug_macro   0x000015ce       0x35 ./system/src/stm32f4-hal/stm32f4xx_hal.o
 .debug_macro   0x00001603       0x50 ./system/src/stm32f4-hal/stm32f4xx_hal.o
 .debug_macro   0x00001653      0xe66 ./system/src/stm32f4-hal/stm32f4xx_hal.o
 .debug_macro   0x000024b9     0x5099 ./system/src/stm32f4-hal/stm32f4xx_hal.o
 .debug_macro   0x00007552       0x43 ./system/src/stm32f4-hal/stm32f4xx_hal.o
 .debug_macro   0x00007595     0x347f ./system/src/stm32f4-hal/stm32f4xx_hal.o
 .debug_macro   0x0000aa14       0x22 ./system/src/stm32f4-hal/stm32f4xx_hal.o
 .debug_macro   0x0000aa36       0x52 ./system/src/stm32f4-hal/stm32f4xx_hal.o
 .debug_macro   0x0000aa88       0x17 ./system/src/stm32f4-hal/stm32f4xx_hal.o
 .debug_macro   0x0000aa9f       0x8d ./system/src/stm32f4-hal/stm32f4xx_hal.o
 .debug_macro   0x0000ab2c       0x35 ./system/src/stm32f4-hal/stm32f4xx_hal.o
 .debug_macro   0x0000ab61       0x9c ./system/src/stm32f4-hal/stm32f4xx_hal.o
 .debug_macro   0x0000abfd       0x16 ./system/src/stm32f4-hal/stm32f4xx_hal.o
 .debug_macro   0x0000ac13       0x57 ./system/src/stm32f4-hal/stm32f4xx_hal.o
 .debug_macro   0x0000ac6a       0x97 ./system/src/stm32f4-hal/stm32f4xx_hal.o
 .debug_macro   0x0000ad01      0x330 ./system/src/stm32f4-hal/stm32f4xx_hal.o
 .debug_macro   0x0000b031       0xfd ./system/src/stm32f4-hal/stm32f4xx_hal.o
 .debug_macro   0x0000b12e       0x10 ./system/src/stm32f4-hal/stm32f4xx_hal.o
 .debug_macro   0x0000b13e       0x58 ./system/src/stm32f4-hal/stm32f4xx_hal.o
 .debug_macro   0x0000b196       0x1f ./system/src/stm32f4-hal/stm32f4xx_hal.o
 .debug_macro   0x0000b1b5       0x43 ./system/src/stm32f4-hal/stm32f4xx_hal.o
 .debug_macro   0x0000b1f8       0x20 ./system/src/stm32f4-hal/stm32f4xx_hal.o
 .debug_macro   0x0000b218      0x18e ./system/src/stm32f4-hal/stm32f4xx_hal.o
 .debug_macro   0x0000b3a6       0x10 ./system/src/stm32f4-hal/stm32f4xx_hal.o
 .debug_macro   0x0000b3b6       0x6a ./system/src/stm32f4-hal/stm32f4xx_hal.o
 .debug_macro   0x0000b420       0x1c ./system/src/stm32f4-hal/stm32f4xx_hal.o
 .debug_macro   0x0000b43c       0x52 ./system/src/stm32f4-hal/stm32f4xx_hal.o
 .debug_macro   0x0000b48e       0x40 ./system/src/stm32f4-hal/stm32f4xx_hal.o
 .debug_macro   0x0000b4ce       0x10 ./system/src/stm32f4-hal/stm32f4xx_hal.o
 .debug_macro   0x0000b4de       0x40 ./system/src/stm32f4-hal/stm32f4xx_hal.o
 .debug_macro   0x0000b51e       0xd7 ./system/src/stm32f4-hal/stm32f4xx_hal.o
 .debug_macro   0x0000b5f5       0x1c ./system/src/stm32f4-hal/stm32f4xx_hal.o
 .debug_macro   0x0000b611       0x3d ./system/src/stm32f4-hal/stm32f4xx_hal.o
 .debug_macro   0x0000b64e       0x16 ./system/src/stm32f4-hal/stm32f4xx_hal.o
 .debug_macro   0x0000b664      0x16f ./system/src/stm32f4-hal/stm32f4xx_hal.o
 .debug_macro   0x0000b7d3       0x57 ./system/src/stm32f4-hal/stm32f4xx_hal.o
 .debug_macro   0x0000b82a      0x424 ./system/src/stm32f4-hal/stm32f4xx_hal.o
 .debug_macro   0x0000bc4e      0x9e1 ./system/src/stm32f4-hal/stm32f4xx_hal.o
 .debug_macro   0x0000c62f      0x11e ./system/src/stm32f4-hal/stm32f4xx_hal.o
 .debug_macro   0x0000c74d       0xf8 ./system/src/stm32f4-hal/stm32f4xx_hal.o
 .debug_macro   0x0000c845       0x27 ./system/src/stm32f4-hal/stm32f4xx_hal.o
 .debug_macro   0x0000c86c      0x287 ./system/src/stm32f4-hal/stm32f4xx_hal.o
 .debug_macro   0x0000caf3       0x5f ./system/src/stm32f4-hal/stm32f4xx_hal.o
 .debug_macro   0x0000cb52      0x23a ./system/src/stm32f4-hal/stm32f4xx_hal.o
 .debug_macro   0x0000cd8c      0x391 ./system/src/stm32f4-hal/stm32f4xx_hal.o
 .debug_macro   0x0000d11d      0x16f ./system/src/stm32f4-hal/stm32f4xx_hal.o
 .debug_macro   0x0000d28c       0xf9 ./system/src/stm32f4-hal/stm32f4xx_hal.o
 .debug_macro   0x0000d385       0x23 ./system/src/stm32f4-hal/stm32f4xx_hal.o
 .debug_macro   0x0000d3a8      0x13a ./system/src/stm32f4-hal/stm32f4xx_hal.o
 .debug_macro   0x0000d4e2      0x23a ./system/src/stm32f4-hal/stm32f4xx_hal.o
 .debug_macro   0x0000d71c       0x2e ./system/src/stm32f4-hal/stm32f4xx_hal.o
 .debug_macro   0x0000d74a      0x1a7 ./system/src/stm32f4-hal/stm32f4xx_hal.o
 .debug_macro   0x0000d8f1       0x22 ./system/src/stm32f4-hal/stm32f4xx_hal.o
 .debug_macro   0x0000d913       0xa5 ./system/src/stm32f4-hal/stm32f4xx_hal.o
 .debug_macro   0x0000d9b8      0x18b ./system/src/stm32f4-hal/stm32f4xx_hal.o
 .debug_macro   0x0000db43       0x24 ./system/src/stm32f4-hal/stm32f4xx_hal.o
 .debug_macro   0x0000db67       0x35 ./system/src/stm32f4-hal/stm32f4xx_hal.o
 .debug_macro   0x0000db9c       0x79 ./system/src/stm32f4-hal/stm32f4xx_hal.o
 .debug_macro   0x0000dc15      0x11e ./system/src/stm32f4-hal/stm32f4xx_hal.o
 .debug_macro   0x0000dd33       0x85 ./system/src/stm32f4-hal/stm32f4xx_hal.o
 .debug_macro   0x0000ddb8       0x89 ./system/src/stm32f4-hal/stm32f4xx_hal.o
 .debug_macro   0x0000de41      0x31a ./system/src/stm32f4-hal/stm32f4xx_hal.o
 .debug_macro   0x0000e15b      0x409 ./system/src/stm32f4-hal/stm32f4xx_hal.o
 .debug_macro   0x0000e564       0xe4 ./system/src/stm32f4-hal/stm32f4xx_hal.o
 .debug_macro   0x0000e648      0x48d ./system/src/stm32f4-hal/stm32f4xx_hal.o
 .debug_macro   0x0000ead5      0x22b ./system/src/stm32f4-hal/stm32f4xx_hal.o
 .debug_macro   0x0000ed00      0x202 ./system/src/stm32f4-hal/stm32f4xx_hal.o
 .debug_macro   0x0000ef02      0x6d9 ./system/src/stm32f4-hal/stm32f4xx_hal.o
 .debug_macro   0x0000f5db       0x5b ./system/src/stm32f4-hal/stm32f4xx_hal.o
 .debug_macro   0x0000f636      0x14d ./system/src/stm32f4-hal/stm32f4xx_hal.o
 .debug_macro   0x0000f783      0x287 ./system/src/stm32f4-hal/stm32f4xx_hal.o
 .debug_macro   0x0000fa0a      0x225 ./system/src/stm32f4-hal/stm32f4xx_hal.o
 .debug_macro   0x0000fc2f      0x1b5 ./system/src/stm32f4-hal/stm32f4xx_hal.o
 .debug_macro   0x0000fde4      0x2db ./system/src/stm32f4-hal/stm32f4xx_hal.o
 .debug_macro   0x000100bf       0x89 ./system/src/stm32f4-hal/stm32f4xx_hal.o
 .debug_macro   0x00010148      0x1df ./system/src/stm32f4-hal/stm32f4xx_hal.o
 .debug_macro   0x00010327      0x115 ./system/src/stm32f4-hal/stm32f4xx_hal.o
 .debug_macro   0x0001043c       0x6e ./system/src/stm32f4-hal/stm32f4xx_hal.o
 .debug_macro   0x000104aa      0x11e ./system/src/stm32f4-hal/stm32f4xx_hal.o
 .debug_macro   0x000105c8      0x4e4 ./system/src/stm32f4-hal/stm32f4xx_hal_cortex.o
 .debug_macro   0x00010aac      0x50e ./system/src/stm32f4-hal/stm32f4xx_hal_rcc.o
 .debug_macro   0x00010fba      0x1b4 ./system/src/newlib/_exit.o
 .debug_macro   0x0001116e      0x10e ./system/src/newlib/_exit.o
 .debug_macro   0x0001127c       0x8d ./system/src/newlib/_exit.o
 .debug_macro   0x00011309       0x35 ./system/src/newlib/_exit.o
 .debug_macro   0x0001133e      0x169 ./system/src/newlib/_sbrk.o
 .debug_macro   0x000114a7      0x174 ./system/src/newlib/_sbrk.o
 .debug_macro   0x0001161b       0x10 ./system/src/newlib/_sbrk.o
 .debug_macro   0x0001162b      0x23b ./system/src/newlib/_sbrk.o
 .debug_macro   0x00011866      0x173 ./system/src/newlib/_startup.o
 .debug_macro   0x000119d9      0xa72 ./system/src/newlib/_startup.o
 .debug_macro   0x0001244b      0x217 ./system/src/newlib/_syscalls.o
 .debug_macro   0x00012662       0x1c ./system/src/newlib/_syscalls.o
 .debug_macro   0x0001267e       0x10 ./system/src/newlib/_syscalls.o
 .debug_macro   0x0001268e       0x10 ./system/src/newlib/_syscalls.o
 .debug_macro   0x0001269e       0x10 ./system/src/newlib/_syscalls.o
 .debug_macro   0x000126ae       0x35 ./system/src/newlib/_syscalls.o
 .debug_macro   0x000126e3      0x122 ./system/src/newlib/_syscalls.o
 .debug_macro   0x00012805       0x88 ./system/src/newlib/_syscalls.o
 .debug_macro   0x0001288d       0x2b ./system/src/newlib/_syscalls.o
 .debug_macro   0x000128b8      0x118 ./system/src/newlib/_syscalls.o
 .debug_macro   0x000129d0      0x189 ./system/src/newlib/_syscalls.o
 .debug_macro   0x00012b59       0x16 ./system/src/newlib/_syscalls.o
 .debug_macro   0x00012b6f      0x1d0 ./system/src/newlib/assert.o
 .debug_macro   0x00012d3f       0x1c ./system/src/newlib/assert.o
 .debug_macro   0x00012d5b      0x1fb ./system/src/diag/Trace.o
 .debug_macro   0x00012f56       0x4c ./system/src/diag/Trace.o
 .debug_macro   0x00012fa2       0x16 ./system/src/diag/Trace.o
 .debug_macro   0x00012fb8      0x52a ./system/src/diag/trace_impl.o
 .debug_macro   0x000134e2       0x22 ./system/src/diag/trace_impl.o
 .debug_macro   0x00013504      0x4ee ./system/src/cortexm/_initialize_hardware.o
 .debug_macro   0x000139f2      0x557 ./system/src/cortexm/exception_handlers.o
 .debug_macro   0x00013f49       0x3b ./system/src/cortexm/exception_handlers.o
 .debug_macro   0x00013f84      0x4ea ./system/src/cmsis/system_stm32f4xx.o
 .debug_macro   0x0001446e       0x34 ./system/src/cmsis/vectors_stm32f401xc.o
 .debug_macro   0x000144a2       0x46 ./src/MCAL/UART/UART_Prog.o
 .debug_macro   0x000144e8       0x28 ./src/MCAL/UART/UART_Prog.o
 .debug_macro   0x00014510       0x16 ./src/MCAL/UART/UART_Prog.o
 .debug_macro   0x00014526       0x22 ./src/MCAL/UART/UART_Prog.o
 .debug_macro   0x00014548       0x47 ./src/MCAL/NVIC/NVIC_Prog.o
 .debug_macro   0x0001458f       0x22 ./src/MCAL/NVIC/NVIC_Prog.o
 .debug_macro   0x000145b1       0x45 ./src/MCAL/MRCC/MRCC_prog.o
 .debug_macro   0x000145f6       0x9a ./src/MCAL/MRCC/MRCC_prog.o
 .debug_macro   0x00014690       0x1c ./src/MCAL/MRCC/MRCC_prog.o
 .debug_macro   0x000146ac      0x188 ./src/MCAL/MRCC/MRCC_prog.o
 .debug_macro   0x00014834       0x46 ./src/MCAL/MGPIO/MGPIO_program.o
 .debug_macro   0x0001487a      0x1cc ./src/MCAL/MGPIO/MGPIO_program.o
 .debug_macro   0x00014a46      0x160 ./src/MCAL/MGPIO/MGPIO_program.o
 .debug_macro   0x00014ba6       0x46 ./src/MCAL/EXTERNAL_INTERRUPT/EXTERNAL_INTERRUPT_Prog.o
 .debug_macro   0x00014bec       0x22 ./src/MCAL/EXTERNAL_INTERRUPT/EXTERNAL_INTERRUPT_Prog.o
 .debug_macro   0x00014c0e       0x10 ./src/MCAL/EXTERNAL_INTERRUPT/EXTERNAL_INTERRUPT_Prog.o
 .debug_macro   0x00014c1e       0x2e ./src/MCAL/EXTERNAL_INTERRUPT/EXTERNAL_INTERRUPT_Prog.o
 .debug_macro   0x00014c4c       0x5d ./src/HAL/MOTOR/MOTOR.o
 .debug_macro   0x00014ca9       0x10 ./src/HAL/MOTOR/MOTOR.o
 .debug_macro   0x00014cb9       0x4e ./src/HAL/LED/LED_Prog.o
 .debug_macro   0x00014d07      0x160 ./src/HAL/LED/LED_Prog.o
 .debug_macro   0x00014e67       0x58 ./src/HAL/IR/IR_Prog.o
 .debug_macro   0x00014ebf      0x4e4 ./src/_initialize_hardware.o
 .debug_macro   0x000153a3      0x2c7 ./src/main.o
 .debug_macro   0x0001566a       0x16 ./src/main.o
 .debug_macro   0x00015680      0x4e4 ./src/stm32f4xx_hal_msp.o
